
**** Build of configuration Debug for project last364 ****

"F:\\Program Files (x86)\\tasking\\ctc\\bin\\amk" -j8 all 
Compiling UartTest.c
Linking to last364.elf
Cleaning up compiler cache
ltc W159: LSL: section ".rodata.Appl_BootCompat.Appl_BootHeader" (variable Appl_BootHeader) was not selected because it already has an absolute restriction

"F:\\Program Files (x86)\\tasking\\ctc\\bin\\amk" -j8 post-build 
Patch APP header length/crc32
"F:/workFiles/TC367/TC367/workspace/last364/Tools/patch_app_header.bat" "F:/workFiles/TC367/TC367/workspace/last364/Debug/last364.hex"
[patch_app_header] last364.hex
  magic  = 0xa5c3b007
  entry  = 0x80068d60
  length = 0x5a660 (370272 bytes)
  crc32  = 0xb4666705
  out    = F:\workFiles\TC367\TC367\workspace\last364\Debug\last364.hex

Time consumed: 42959 ms
**** End of build ****

Tool info: 
TASKING VX-toolset for TriCore: control program v6.2r2 Build 19032145
TASKING VX-toolset for TriCore: expire cache utility v6.2r2 Build 18041957
TASKING program builder v6.2r2 Build 18041957
TASKING VX-toolset for TriCore: object link v6.2r2 Build 18041957 SN 53216552
TASKING VX-toolset for TriCore: C compiler v6.2r2 Build 18041957 SN 53216552
TASKING VX-toolset for TriCore: assembler v6.2r2 Build 19032145
