Encoding: iso-8859-1
Detected dtd version 9.0.102
VCANdelaPersistorImpl::GetFileVersion: DTD version '9.0.102' detected
Loading 'F:\workFiles\TC367\TC367\workspace\last364\Config_Vector\Appcdd.cdd'...
  dtd version: file 9.0.102, program 11.0.102
Document supports the languages (en-US)
Document contains the uptodate languages (en-US)
Template: Vector UDS
  template data loaded
  variant 'Base_Variant' loaded
  variant 'tc364' loaded
Start loading requirement data model
End loading requirement data model
Done loading.
Checking consistency of document. This may take a while, please be patient...
ComParamMan: Unidentified ComParam UudtCanIdType
ComParamMan: Unidentified ComParam TesterPresentPhys
ComParamMan: Unidentified ComParam TesterPresentFunc
ComParamMan: Trying to insert already existent communication parameter 'BusType' into ComParamCollection
ComParamMan: Trying to insert already existent communication parameter 'TransportProtocolType' into ComParamCollection
ComParamMan: Trying to insert already existent communication parameter 'AddrScheme' into ComParamCollection
ComParamMan: Trying to insert already existent communication parameter 'CanIdType' into ComParamCollection
ComParamMan: Trying to insert already existent communication parameter 'ReqCanId' into ComParamCollection
ComParamMan: Trying to insert already existent communication parameter 'ResCanId' into ComParamCollection
ComParamMan: Trying to insert already existent communication parameter 'AddrSchemeFunc' into ComParamCollection
ComParamMan: Trying to insert already existent communication parameter 'CanIdTypeFunc' into ComParamCollection
ComParamMan: Trying to insert already existent communication parameter 'ReqCanIdFunc' into ComParamCollection
ComParamMan: Trying to insert already existent communication parameter 'UudtResCanId' into ComParamCollection
ComParamMan: Unidentified ComParam UudtCanIdType
ComParamMan: Trying to insert already existent communication parameter 'UudtCanIdType' into ComParamCollection
ComParamMan: Trying to insert already existent communication parameter 'P2Client' into ComParamCollection
ComParamMan: Trying to insert already existent communication parameter 'P2Server' into ComParamCollection
ComParamMan: Trying to insert already existent communication parameter 'P2ExClient' into ComParamCollection
ComParamMan: Trying to insert already existent communication parameter 'P2ExServer' into ComParamCollection
ComParamMan: Trying to insert already existent communication parameter 'S3Client' into ComParamCollection
ComParamMan: Trying to insert already existent communication parameter 'S3Server' into ComParamCollection
ComParamMan: Trying to insert already existent communication parameter 'P3ClientPhys' into ComParamCollection
ComParamMan: Unidentified ComParam TesterPresentPhys
ComParamMan: Trying to insert already existent communication parameter 'TesterPresentPhys' into ComParamCollection
ComParamMan: Trying to insert already existent communication parameter 'P3ClientFunc' into ComParamCollection
ComParamMan: Unidentified ComParam TesterPresentFunc
ComParamMan: Trying to insert already existent communication parameter 'TesterPresentFunc' into ComParamCollection
ComParamMan: Trying to insert already existent communication parameter 'StMin' into ComParamCollection
ComParamMan: Trying to insert already existent communication parameter 'Blocksize' into ComParamCollection
ComParamMan: Trying to insert already existent communication parameter 'TimeoutAs' into ComParamCollection
ComParamMan: Trying to insert already existent communication parameter 'TimeoutAr' into ComParamCollection
ComParamMan: Trying to insert already existent communication parameter 'TimeoutBs' into ComParamCollection
ComParamMan: Trying to insert already existent communication parameter 'TimeBr' into ComParamCollection
ComParamMan: Trying to insert already existent communication parameter 'TimeCs' into ComParamCollection
ComParamMan: Trying to insert already existent communication parameter 'TimeoutCr' into ComParamCollection
ComParamMan: Trying to insert already existent communication parameter 'MaxLengthTpMessage' into ComParamCollection
ComParamMan: Trying to insert already existent communication parameter 'Baudrate' into ComParamCollection
ComParamMan: Trying to insert already existent communication parameter 'CANFrameFillerByte' into ComParamCollection
ComParamMan: Trying to insert already existent communication parameter 'FillerByteHandling' into ComParamCollection
ComParamMan: Unidentified ComParam RC21Handling
ComParamMan: Unidentified ComParam RC21RequestTime
ComParamMan: Unidentified ComParam RC21CompletionTimeout
ComParamMan: Unidentified ComParam RC78Handling
ComParamMan: Unidentified ComParam RC78CompletionTimeout
ComParamMan: Unidentified ComParam DiagnosticConnectionRef
ComParamMan: Unidentified ComParam DiagnosticProtocolPriority
ComParamMan: Trying to insert already existent communication parameter 'BusType' into ComParamCollection
ComParamMan: Trying to insert already existent communication parameter 'TransportProtocolType' into ComParamCollection
ComParamMan: Trying to insert already existent communication parameter 'AddrScheme' into ComParamCollection
ComParamMan: Trying to insert already existent communication parameter 'CanIdType' into ComParamCollection
ComParamMan: Trying to insert already existent communication parameter 'ReqCanId' into ComParamCollection
ComParamMan: Trying to insert already existent communication parameter 'ResCanId' into ComParamCollection
ComParamMan: Trying to insert already existent communication parameter 'P2Client' into ComParamCollection
ComParamMan: Trying to insert already existent communication parameter 'P2Server' into ComParamCollection
ComParamMan: Trying to insert already existent communication parameter 'P2ExClient' into ComParamCollection
ComParamMan: Trying to insert already existent communication parameter 'P2ExServer' into ComParamCollection
ComParamMan: Trying to insert already existent communication parameter 'S3Client' into ComParamCollection
ComParamMan: Trying to insert already existent communication parameter 'S3Server' into ComParamCollection
ComParamMan: Trying to insert already existent communication parameter 'P3ClientPhys' into ComParamCollection
ComParamMan: Unidentified ComParam TesterPresentPhys
ComParamMan: Trying to insert already existent communication parameter 'TesterPresentPhys' into ComParamCollection
ComParamMan: Trying to insert already existent communication parameter 'StMin' into ComParamCollection
ComParamMan: Trying to insert already existent communication parameter 'Blocksize' into ComParamCollection
ComParamMan: Trying to insert already existent communication parameter 'TimeoutAs' into ComParamCollection
ComParamMan: Trying to insert already existent communication parameter 'TimeoutAr' into ComParamCollection
ComParamMan: Trying to insert already existent communication parameter 'TimeoutBs' into ComParamCollection
ComParamMan: Trying to insert already existent communication parameter 'TimeBr' into ComParamCollection
ComParamMan: Trying to insert already existent communication parameter 'TimeCs' into ComParamCollection
ComParamMan: Trying to insert already existent communication parameter 'TimeoutCr' into ComParamCollection
ComParamMan: Trying to insert already existent communication parameter 'MaxLengthTpMessage' into ComParamCollection
ComParamMan: Trying to insert already existent communication parameter 'Baudrate' into ComParamCollection
ComParamMan: Trying to insert already existent communication parameter 'CANFrameFillerByte' into ComParamCollection
ComParamMan: Trying to insert already existent communication parameter 'FillerByteHandling' into ComParamCollection
ComParamMan: Trying to insert already existent communication parameter 'AddrSchemeFunc' into ComParamCollection
ComParamMan: Trying to insert already existent communication parameter 'CanIdTypeFunc' into ComParamCollection
ComParamMan: Trying to insert already existent communication parameter 'ReqCanIdFunc' into ComParamCollection
ComParamMan: Unidentified ComParam CanFdDataBaudrate
ComParamMan: Unidentified ComParam CanFdDataTSeg1
ComParamMan: Unidentified ComParam CanFdDataTSeg2
ComParamMan: Unidentified ComParam CanFdDataSjw
ComParamMan: Unidentified ComParam TSeg1
ComParamMan: Unidentified ComParam TSeg2
ComParamMan: Unidentified ComParam Sjw
ComParamMan: Unidentified ComParam CanFdHandling
ComParamMan: Unidentified ComParam CanFdBrsHandling
ComParamMan: Unidentified ComParam CanFdMaxDlc
ComParamMan: Unidentified ComParam MaxTPMessageLength
ComParamMan: Unidentified ComParam AutoP2Handling
ComParamMan: Trying to insert already existent communication parameter 'BusType' into ComParamCollection
ComParamMan: Trying to insert already existent communication parameter 'TransportProtocolType' into ComParamCollection
ComParamMan: Trying to insert already existent communication parameter 'AddrScheme' into ComParamCollection
ComParamMan: Trying to insert already existent communication parameter 'CanIdType' into ComParamCollection
ComParamMan: Trying to insert already existent communication parameter 'ReqCanId' into ComParamCollection
ComParamMan: Trying to insert already existent communication parameter 'ResCanId' into ComParamCollection
ComParamMan: Trying to insert already existent communication parameter 'EcuAddress' into ComParamCollection
ComParamMan: Trying to insert already existent communication parameter 'TesterAddress' into ComParamCollection
ComParamMan: Trying to insert already existent communication parameter 'AddrSchemeFunc' into ComParamCollection
ComParamMan: Trying to insert already existent communication parameter 'CanIdTypeFunc' into ComParamCollection
ComParamMan: Trying to insert already existent communication parameter 'ReqCanIdFunc' into ComParamCollection
ComParamMan: Trying to insert already existent communication parameter 'P2Client' into ComParamCollection
ComParamMan: Trying to insert already existent communication parameter 'P2Server' into ComParamCollection
ComParamMan: Trying to insert already existent communication parameter 'P2ExClient' into ComParamCollection
ComParamMan: Trying to insert already existent communication parameter 'P2ExServer' into ComParamCollection
ComParamMan: Trying to insert already existent communication parameter 'S3Client' into ComParamCollection
ComParamMan: Trying to insert already existent communication parameter 'S3Server' into ComParamCollection
ComParamMan: Trying to insert already existent communication parameter 'P3ClientPhys' into ComParamCollection
ComParamMan: Unidentified ComParam TesterPresentPhys
ComParamMan: Trying to insert already existent communication parameter 'TesterPresentPhys' into ComParamCollection
ComParamMan: Trying to insert already existent communication parameter 'P3ClientFunc' into ComParamCollection
ComParamMan: Unidentified ComParam TesterPresentFunc
ComParamMan: Trying to insert already existent communication parameter 'TesterPresentFunc' into ComParamCollection
ComParamMan: Trying to insert already existent communication parameter 'StMin' into ComParamCollection
ComParamMan: Trying to insert already existent communication parameter 'Blocksize' into ComParamCollection
ComParamMan: Trying to insert already existent communication parameter 'TimeoutAs' into ComParamCollection
ComParamMan: Trying to insert already existent communication parameter 'TimeoutAr' into ComParamCollection
ComParamMan: Trying to insert already existent communication parameter 'TimeoutBs' into ComParamCollection
ComParamMan: Trying to insert already existent communication parameter 'TimeBr' into ComParamCollection
ComParamMan: Trying to insert already existent communication parameter 'TimeCs' into ComParamCollection
ComParamMan: Trying to insert already existent communication parameter 'TimeoutCr' into ComParamCollection
ComParamMan: Trying to insert already existent communication parameter 'MaxLengthTpMessage' into ComParamCollection
ComParamMan: Trying to insert already existent communication parameter 'Baudrate' into ComParamCollection
ComParamMan: Trying to insert already existent communication parameter 'CANFrameFillerByte' into ComParamCollection
ComParamMan: Trying to insert already existent communication parameter 'FillerByteHandling' into ComParamCollection
ComParamMan: Unidentified ComParam CanFdDataBaudrate
ComParamMan: Trying to insert already existent communication parameter 'CanFdDataBaudrate' into ComParamCollection
ComParamMan: Unidentified ComParam CanFdDataTSeg1
ComParamMan: Trying to insert already existent communication parameter 'CanFdDataTSeg1' into ComParamCollection
ComParamMan: Unidentified ComParam CanFdDataTSeg2
ComParamMan: Trying to insert already existent communication parameter 'CanFdDataTSeg2' into ComParamCollection
ComParamMan: Unidentified ComParam CanFdDataSjw
ComParamMan: Trying to insert already existent communication parameter 'CanFdDataSjw' into ComParamCollection
ComParamMan: Unidentified ComParam TSeg1
ComParamMan: Trying to insert already existent communication parameter 'TSeg1' into ComParamCollection
ComParamMan: Unidentified ComParam TSeg2
ComParamMan: Trying to insert already existent communication parameter 'TSeg2' into ComParamCollection
ComParamMan: Unidentified ComParam Sjw
ComParamMan: Trying to insert already existent communication parameter 'Sjw' into ComParamCollection
ComParamMan: Unidentified ComParam CanFdHandling
ComParamMan: Trying to insert already existent communication parameter 'CanFdHandling' into ComParamCollection
ComParamMan: Unidentified ComParam CanFdBrsHandling
ComParamMan: Trying to insert already existent communication parameter 'CanFdBrsHandling' into ComParamCollection
ComParamMan: Unidentified ComParam CanFdMaxDlc
ComParamMan: Trying to insert already existent communication parameter 'CanFdMaxDlc' into ComParamCollection
ComParamMan: Unidentified ComParam MaxTPMessageLength
ComParamMan: Trying to insert already existent communication parameter 'MaxTPMessageLength' into ComParamCollection
ComParamMan: Unidentified ComParam AutoP2Handling
ComParamMan: Trying to insert already existent communication parameter 'AutoP2Handling' into ComParamCollection
ComParamMan: Unidentified ComParam DiagnosticConnectionRef
ComParamMan: Trying to insert already existent communication parameter 'DiagnosticConnectionRef' into ComParamCollection
ComParamMan: Unidentified ComParam DiagnosticProtocolPriority
ComParamMan: Trying to insert already existent communication parameter 'DiagnosticProtocolPriority' into ComParamCollection
ComParamMan: Unidentified ComParam DiagnosticConnectionRef
ComParamMan: Trying to insert already existent communication parameter 'DiagnosticConnectionRef' into ComParamCollection
ComParamMan: Unidentified ComParam DiagnosticProtocolPriority
ComParamMan: Trying to insert already existent communication parameter 'DiagnosticProtocolPriority' into ComParamCollection
ComParamMan: Unidentified ComParam DiagnosticConnectionRef
ComParamMan: Trying to insert already existent communication parameter 'DiagnosticConnectionRef' into ComParamCollection
ComParamMan: Unidentified ComParam DiagnosticProtocolPriority
ComParamMan: Trying to insert already existent communication parameter 'DiagnosticProtocolPriority' into ComParamCollection
Checking service prefixes in base variant 'Base_Variant' ... OK
Checking service prefixes in extended variant 'tc364' ... OK
Document is consistent.
