Encoding: iso-8859-1
Detected dtd version 9.0.102
VCANdelaPersistorImpl::GetFileVersion: DTD version '9.0.102' detected
Loading 'F:\workFiles\TC367\TC367\workspace\last364\Config_Vector\MyEcu.cdd'...
  dtd version: file 9.0.102, program 11.0.102
Document supports the languages (en-US)
Document contains the uptodate languages (en-US)
Template: Qualifier : Door, SaveNo : 2, Label : --DDM_VALIDATE_BEGIN00281d7c-1e88-46b6-8add-59d7d2106c31DDM_VALIDATE_END
  template data loaded
  variant 'CommonDiagnostics' loaded
  variant 'Demo_FlexrayOnly' loaded
  variant 'Demo_Without_2A_UUDT' loaded
  variant 'OBD' loaded
Document version: 1.00.01
Done loading.
Checking consistency of document. This may take a while, please be patient...
Warning: Qualifier detected in 'qpath://[PROTOCOLSERVICE]_07_RequestEmissionRelatedDTCsDetectedDuringCurrentOrLastCompletedCycle' is too long.
Warning:  The maximal allowed qualifier length is 64 characters. See Qualifier generation options dialog.
Warning: Qualifier detected in 'qpath://[PROTOCOLSERVICE]_08_RequestControlOfOnBoardSystemTestOrComponent_ReadSupportedTIDs' is too long.
Warning:  The maximal allowed qualifier length is 64 characters. See Qualifier generation options dialog.
ComParamMan: Unidentified ComParam UudtCanIdType
ComParamMan: Unidentified ComParam TesterPresentPhys
ComParamMan: Unidentified ComParam TesterPresentFunc
ComParamMan: Unidentified ComParam RC21Handling
ComParamMan: Unidentified ComParam RC21RequestTime
ComParamMan: Unidentified ComParam RC21CompletionTimeout
ComParamMan: Unidentified ComParam RC78Handling
ComParamMan: Unidentified ComParam RC78CompletionTimeout
ComParamMan: Setting COM parameter 'BusType' to value 'FlexRay' failed. Invalid value!
ComParamMan: Unidentified ComParam CP_P2Max
ComParamMan: Unidentified ComParam CP_P2Max_Ecu
ComParamMan: Unidentified ComParam CP_P2Star
ComParamMan: Unidentified ComParam CP_P2Star_Ecu
ComParamMan: Unidentified ComParam CP_TesterPresentTime
ComParamMan: Unidentified ComParam CP_TesterPresentTime_Ecu
ComParamMan: Unidentified ComParam CP_P3Phys
ComParamMan: Unidentified ComParam PDUListReqPhys
ComParamMan: Unidentified ComParam PDUListRes
ComParamMan: Unidentified ComParam FrFrameFillerByte
ComParamMan: Unidentified ComParam AutoP2Handling
ComParamMan: Unidentified ComParam RC21Handling
ComParamMan: Unidentified ComParam RC21RequestTime
ComParamMan: Unidentified ComParam RC21CompletionTimeout
ComParamMan: Unidentified ComParam RC78Handling
ComParamMan: Unidentified ComParam RC78CompletionTimeout
ComParamMan: Setting COM parameter 'TransportProtocolType' to value 'ISO10681' failed. Invalid value!
ComParamMan: Unidentified ComParam ConnectionModePhys
ComParamMan: Unidentified ComParam BufferSize
ComParamMan: Unidentified ComParam BandwidthControl
ComParamMan: Setting COM parameter 'BusType' to value 'DoIP' failed. Invalid value!
ComParamMan: Unidentified ComParam CP_LogicalSourceAddress
ComParamMan: Unidentified ComParam CP_LogicalTargetAddress
ComParamMan: Unidentified ComParam CP_TCPDataPort
ComParamMan: Unidentified ComParam CP_UDPVehiclePort
ComParamMan: Unidentified ComParam CP_UDPTestEquipmentPort
ComParamMan: Unidentified ComParam CP_TesterPresentTime
ComParamMan: Unidentified ComParam CP_TesterPresentTime_Ecu
ComParamMan: Unidentified ComParam CP_P3Phys
ComParamMan: Unidentified ComParam RC21Handling
ComParamMan: Unidentified ComParam RC21RequestTime
ComParamMan: Unidentified ComParam RC21CompletionTimeout
ComParamMan: Unidentified ComParam RC78Handling
ComParamMan: Unidentified ComParam RC78CompletionTimeout
Checking service prefixes in base variant 'CommonDiagnostics' ... OK
Checking service prefixes in extended variant 'Demo_FlexrayOnly' ... OK
Checking service prefixes in extended variant 'Demo_Without_2A_UUDT' ... OK
Checking service prefixes in extended variant 'OBD' ... OK
Document is consistent.
