2024-08-03 - 21:29:07
21:29:07 - Workflow Step 'Update workflow' started.
Using DaVinci Configurator Classic (beta) 5.25.37 SP2 (x86_64).
21:29:07 - Workflow Step 'Validate workflow environment' started.
21:29:07 - Workflow Step 'Validate dpa file' started.
21:29:08 - Workflow Step 'Validate dpa file' finished.
21:29:08 - Workflow Step 'SLP conformance check' started.
21:29:08 - Workflow Step 'SLP conformance check' finished.
21:29:08 - Workflow Step 'Validate workflow environment' finished.
21:29:08 - Workflow Step 'Create copy of the Project' started.
Copy project 'E:\workFiles\TC367\TC367\workspace\last364' to 'C:\Users\Qxiong\AppData\Local\Temp\DaVinci\Cfg-2583806\Workflow\1722691748594-0'...
Adjusting DPA file of copied project...
21:29:08 - Workflow Step 'Create copy of the Project' finished.
21:29:08 - Workflow Step 'Analyse Bswmd's of the current project' started.
21:29:08 - Workflow Step 'Analyse Bswmd's of the current project' finished.
21:29:08 - Workflow Step 'Close Project' started.
21:29:09 - Workflow Step 'Close Project' finished.
21:29:15 - Workflow Step 'Prepare DaVinci Developer update data' started.
21:29:15 - Workflow Step 'Prepare DaVinci Developer update data' finished.
21:29:15 - Workflow Step 'Prepare System Extract' started.
21:29:16 - Workflow Step 'Preprocessing System Extract' started.
21:29:16 - Workflow Step 'Preprocessing System Extract' finished.
21:29:16 - Workflow Step 'Create OEM Communication Extract' started.
21:29:16 - Workflow Step 'Create OEM Communication Extract' finished.
21:29:16 - Workflow Step 'Prepare System Extract' finished.
21:29:16 - Workflow Step 'Updating the project' started.
21:29:23 - Workflow Step 'Create ECU configuration' started.
21:29:34 - Workflow Step 'Create ECU configuration' finished.
21:29:34 - Workflow Step 'Update ECU configuration' started.
21:29:51 - Workflow Step 'Update ECU configuration' finished.
21:29:51 - Workflow Step 'Updating the project' finished.
21:29:51 - Workflow Step 'Generate update report' started.
21:30:16 - Workflow Step 'Generate update report' finished.
21:30:16 - Workflow Step 'Execute Solving Actions' started.
Executing Auto-Solving-Actions...
Auto-Solving-Actions done.
Executing update specific Preferred-Solving-Actions...
Update specific Preferred-Solving-Actions done.
21:30:26 - Workflow Step 'Execute Solving Actions' finished.
21:30:27 - Workflow Step 'Update DaVinci Developer Workspace' started.
Opening workspace 'C:\Users\Qxiong\AppData\Local\Temp\DaVinci\Cfg-6573632\Workflow\1722688329921-0\Config\Developer\last364.dcf'...
Loading file PlatformTypes_AR4.arxml (C:\Users\Qxiong\AppData\Local\Temp\DaVinci\Cfg-6573632\Workflow\1722688329921-0\Config\AUTOSAR\PlatformTypes_AR4.arxml)
Loading file BswM_swc.arxml (C:\Users\Qxiong\AppData\Local\Temp\DaVinci\Cfg-6573632\Workflow\1722688329921-0\Config\ServiceComponents\BswM_swc.arxml)
Loading file ComM_swc.arxml (C:\Users\Qxiong\AppData\Local\Temp\DaVinci\Cfg-6573632\Workflow\1722688329921-0\Config\ServiceComponents\ComM_swc.arxml)
Loading file Det_swc.arxml (C:\Users\Qxiong\AppData\Local\Temp\DaVinci\Cfg-6573632\Workflow\1722688329921-0\Config\ServiceComponents\Det_swc.arxml)
Loading file EcuM_swc.arxml (C:\Users\Qxiong\AppData\Local\Temp\DaVinci\Cfg-6573632\Workflow\1722688329921-0\Config\ServiceComponents\EcuM_swc.arxml)
Loading file NvM_swc.arxml (C:\Users\Qxiong\AppData\Local\Temp\DaVinci\Cfg-6573632\Workflow\1722688329921-0\Config\ServiceComponents\NvM_swc.arxml)
Loading file Os_swc.arxml (C:\Users\Qxiong\AppData\Local\Temp\DaVinci\Cfg-6573632\Workflow\1722688329921-0\Config\ServiceComponents\Os_swc.arxml)
Loading file Communication.arxml (C:\Users\Qxiong\AppData\Local\Temp\DaVinci\Cfg-6573632\Workflow\1722688329921-0\Update\DevData\Communication.arxml)
Loading file DataTypes.arxml (C:\Users\Qxiong\AppData\Local\Temp\DaVinci\Cfg-6573632\Workflow\1722688329921-0\Config\Developer\DataTypes.arxml)
Loading file IowHA.arxml (C:\Users\Qxiong\AppData\Local\Temp\DaVinci\Cfg-6573632\Workflow\1722688329921-0\Config\Developer\IowHA.arxml)
Loading file last364.arxml (C:\Users\Qxiong\AppData\Local\Temp\DaVinci\Cfg-6573632\Workflow\1722688329921-0\Config\Developer\last364.arxml)
Loading file MotorCdd.arxml (C:\Users\Qxiong\AppData\Local\Temp\DaVinci\Cfg-6573632\Workflow\1722688329921-0\Config\Developer\MotorCdd.arxml)
Loading file MotorControll.arxml (C:\Users\Qxiong\AppData\Local\Temp\DaVinci\Cfg-6573632\Workflow\1722688329921-0\Config\Developer\MotorControll.arxml)
Loading file Packages.arxml (C:\Users\Qxiong\AppData\Local\Temp\DaVinci\Cfg-6573632\Workflow\1722688329921-0\Config\Developer\Packages.arxml)
Loading file PortInterfaces.arxml (C:\Users\Qxiong\AppData\Local\Temp\DaVinci\Cfg-6573632\Workflow\1722688329921-0\Config\Developer\PortInterfaces.arxml)
Loading file StartApp.arxml (C:\Users\Qxiong\AppData\Local\Temp\DaVinci\Cfg-6573632\Workflow\1722688329921-0\Config\Developer\StartApp.arxml)
Opened workspace 'C:\Users\Qxiong\AppData\Local\Temp\DaVinci\Cfg-6573632\Workflow\1722688329921-0\Config\Developer\last364.dcf' successfully.
Start import
Importing file (C:\Users\Qxiong\AppData\Local\Temp\DaVinci\Cfg-6573632\Workflow\1722688329921-0\Config\System\SystemExtract.arxml).
Merging imported data
Finished import
Saving workspace 'C:\Users\Qxiong\AppData\Local\Temp\DaVinci\Cfg-6573632\Workflow\1722688329921-0\Config\Developer\last364.dcf'...
Saving file DataTypes.arxml (C:\Users\Qxiong\AppData\Local\Temp\DaVinci\Cfg-6573632\Workflow\1722688329921-0\Config\Developer\DataTypes.arxml)
Saved workspace 'C:\Users\Qxiong\AppData\Local\Temp\DaVinci\Cfg-6573632\Workflow\1722688329921-0\Config\Developer\last364.dcf' successfully.
Closing workspace 'C:\Users\Qxiong\AppData\Local\Temp\DaVinci\Cfg-6573632\Workflow\1722688329921-0\Config\Developer\last364.dcf'...
Closed workspace 'C:\Users\Qxiong\AppData\Local\Temp\DaVinci\Cfg-6573632\Workflow\1722688329921-0\Config\Developer\last364.dcf' successfully.
Result of DaVinci Developer workspace update.
              OK
21:30:43 - Workflow Step 'Update DaVinci Developer Workspace' finished.
21:30:43 - Workflow Step 'Update RTE configuration' started.
21:30:44 - Workflow Step 'Update RTE configuration' finished.
21:30:44 - Workflow Step 'Align differences after successful update' started.
21:30:44 - Workflow Step 'Align differences after successful update' finished.
21:30:44 - Workflow Step 'Clean up update data' started.
21:30:44 - Workflow Step 'Clean up update data' finished.
Update workflow finished sucessfully.
21:30:52 - Workflow Step 'Update workflow' finished.
